
> rank-eats@1.3.0 build
> vite build

[36mvite v4.5.14 [32mbuilding for production...[36m[39m
transforming...
[32m??[39m 1295 modules transformed.
[32m??built in 3.25s[39m
