node.exe : [31m"increment" is no
t exported by "src/lib/firebase.j
s", imported by "src/contexts/Aut
hContext.jsx".[39m
위치 줄:1 문자:1
+ & "C:\Program Files\nodejs/node
.exe" "C:\Program Files\nodejs/no
de_mo ...
+ ~~~~~~~~~~~~~~~~~~~~~~~~~~~~~~~
~~~~~~~~~~~~~~~~~~~~~~~~~~~~~~~~~
~~~~~
    + CategoryInfo          : No 
   tSpecified: ([31m"increment  
  ...text.jsx".[39m:String) [   
 ], RemoteException
    + FullyQualifiedErrorId : Na 
   tiveCommandError
 
file: [36mC:/Users/hmcho/Desktop
/sunsal/src/contexts/AuthContext.
jsx:17:4[39m
[33m15:     where,
16:     writeBatch,
17:     increment,
        ^
18:     getDoc
19: } from "../lib/firebase";
[39m
[31merror during build:
RollupError: "increment" is not e
xported by "src/lib/firebase.js",
 imported by "src/contexts/AuthCo
ntext.jsx".
    at error (file:///C:/Users/hm
cho/Desktop/sunsal/node_modules/r
ollup/dist/es/shared/node-entry.j
s:2287:30)
    at Module.error (file:///C:/U
sers/hmcho/Desktop/sunsal/node_mo
dules/rollup/dist/es/shared/node-
entry.js:13745:16)
    at Module.traceVariable (file
:///C:/Users/hmcho/Desktop/sunsal
/node_modules/rollup/dist/es/shar
ed/node-entry.js:14175:29)
    at ModuleScope.findVariable (
file:///C:/Users/hmcho/Desktop/su
nsal/node_modules/rollup/dist/es/
shared/node-entry.js:12615:39)
    at FunctionScope.findVariable
 (file:///C:/Users/hmcho/Desktop/
sunsal/node_modules/rollup/dist/e
s/shared/node-entry.js:7124:38)
    at ChildScope.findVariable (f
ile:///C:/Users/hmcho/Desktop/sun
sal/node_modules/rollup/dist/es/s
hared/node-entry.js:7124:38)
    at ReturnValueScope.findVaria
ble (file:///C:/Users/hmcho/Deskt
op/sunsal/node_modules/rollup/dis
t/es/shared/node-entry.js:7124:38
)
    at ChildScope.findVariable (f
ile:///C:/Users/hmcho/Desktop/sun
sal/node_modules/rollup/dist/es/s
hared/node-entry.js:7124:38)
    at BlockScope.findVariable (f
ile:///C:/Users/hmcho/Desktop/sun
sal/node_modules/rollup/dist/es/s
hared/node-entry.js:7124:38)
    at Identifier.bind (file:///C
:/Users/hmcho/Desktop/sunsal/node
_modules/rollup/dist/es/shared/no
de-entry.js:8319:40)[39m
